// Jest Snapshot v1, https://goo.gl/fbAQLP

exports[`renders when there is item 1`] = `
<div
  className="main-container"
>
  <div
    className="result-container"
  >
    <span
      className="cal-display"
    >
      0
    </span>
  </div>
  <div
    className="buttons-wrapper"
  >
    <div
      className="row-one"
    >
      <button
        className="btn1"
        onClick={[Function]}
        type="button"
        variant="text"
      >
        AC
      </button>
      <button
        className="btn1"
        onClick={[Function]}
        type="button"
        variant="text"
      >
        +/-
      </button>
      <button
        className="btn1"
        onClick={[Function]}
        type="button"
        variant="text"
      >
        %
      </button>
      <button
        className="btn-signe"
        onClick={[Function]}
        type="button"
        variant="text"
      >
        รท
      </button>
    </div>
    <div
      className="row-two"
    >
      <button
        className="btn1"
        onClick={[Function]}
        type="button"
        variant="text"
      >
        7
      </button>
      <button
        className="btn1"
        onClick={[Function]}
        type="button"
        variant="text"
      >
        8
      </button>
      <button
        className="btn1"
        onClick={[Function]}
        type="button"
        variant="text"
      >
        9
      </button>
      <button
        className="btn-signe"
        onClick={[Function]}
        type="button"
        variant="text"
      >
        x
      </button>
    </div>
    <div
      className="row-three"
    >
      <button
        className="btn1"
        onClick={[Function]}
        type="button"
        variant="text"
      >
        4
      </button>
      <button
        className="btn1"
        onClick={[Function]}
        type="button"
        variant="text"
      >
        5
      </button>
      <button
        className="btn1"
        onClick={[Function]}
        type="button"
        variant="text"
      >
        6
      </button>
      <button
        className="btn-signe"
        onClick={[Function]}
        type="button"
        variant="text"
      >
        -
      </button>
    </div>
    <div
      className="row-four"
    >
      <button
        className="btn1"
        onClick={[Function]}
        type="button"
        variant="text"
      >
        1
      </button>
      <button
        className="btn1"
        onClick={[Function]}
        type="button"
        variant="text"
      >
        2
      </button>
      <button
        className="btn1"
        onClick={[Function]}
        type="button"
        variant="text"
      >
        3
      </button>
      <button
        className="btn-signe"
        onClick={[Function]}
        type="button"
        variant="text"
      >
        +
      </button>
    </div>
    <div
      className="row-five"
    >
      <button
        className="btn0"
        onClick={[Function]}
        type="button"
        variant="text"
      >
        0
      </button>
      <button
        className="btn1"
        onClick={[Function]}
        type="button"
        variant="text"
      >
        .
      </button>
      <button
        className="btn-signe"
        onClick={[Function]}
        type="button"
        variant="text"
      >
        =
      </button>
    </div>
  </div>
</div>
`;
