// Jest Snapshot v1, https://goo.gl/fbAQLP

exports[`should renderer 1`] = `
<div
  className="quote-container"
>
  <p>
    Mathematics is not about numbers, equations, computations or
  </p>
  <p>
    algorithms, it is about understanding. -William Paul Thurston
  </p>
</div>
`;
